// Jest Snapshot v1, https://goo.gl/fbAQLP

exports[`ErrorMsg element should render a container with a header containing the error message 1`] = `
<div
  className="ui container"
  style={
    Object {
      "marginTop": "7em",
    }
  }
>
  <h2
    className="ui header red"
  >
    test
  </h2>
  <h3
    className="ui header"
  >
    <a
      aria-current="page"
      className="hoverLink active"
      href="/"
      onClick={[Function]}
      style={Object {}}
    >
      Back to the Home Page
    </a>
  </h3>
</div>
`;
