// Jest Snapshot v1, https://goo.gl/fbAQLP

exports[`PriestAssistantPriestPlaceList element should render a \`no data\` when the placement list is empty 1`] = `
<div
  className="ui doubling stackable two cards"
>
  <a
    aria-current={null}
    className="ui fluid card"
    href="/parishes/profile/0"
    onClick={[Function]}
  >
    <div
      className="content"
    >
      <div
        className="content"
      >
        <div
          className="header"
          id="header"
        >
          <h2
            className="ui header"
          >
            place
          </h2>
        </div>
      </div>
      <div
        className="description"
      >
        <div
          className="ui list"
          role="list"
        >
          <div
            className="item"
            onClick={[Function]}
            role="listitem"
          >
            <form
              className="ui form"
              onSubmit={[Function]}
            >
              <div
                className="inline field"
              >
                <b>
                  Start date
                  :
                </b>
                 
                <span
                  onBlur={[Function]}
                  onClick={[Function]}
                  onFocus={[Function]}
                  onMouseEnter={[Function]}
                  onMouseLeave={[Function]}
                >
                  2000.06.06
                </span>
              </div>
            </form>
          </div>
          <div
            className="item"
            onClick={[Function]}
            role="listitem"
          >
            <form
              className="ui form"
              onSubmit={[Function]}
            >
              <div
                className="inline field"
              >
                <b>
                  End date
                  :
                </b>
                 
                <span
                  onBlur={[Function]}
                  onClick={[Function]}
                  onFocus={[Function]}
                  onMouseEnter={[Function]}
                  onMouseLeave={[Function]}
                >
                  2000.06.06
                </span>
              </div>
            </form>
          </div>
        </div>
      </div>
    </div>
  </a>
</div>
`;

exports[`PriestAssistantPriestPlaceList element should render a placement list container when the placement list is not empty 1`] = `
<div
  className="ui doubling stackable two cards"
>
  <a
    aria-current={null}
    className="ui fluid card"
    href="/parishes/profile/0"
    onClick={[Function]}
  >
    <div
      className="content"
    >
      <div
        className="content"
      >
        <div
          className="header"
          id="header"
        >
          <h2
            className="ui header"
          >
            place
          </h2>
        </div>
      </div>
      <div
        className="description"
      >
        <div
          className="ui list"
          role="list"
        >
          <div
            className="item"
            onClick={[Function]}
            role="listitem"
          >
            <form
              className="ui form"
              onSubmit={[Function]}
            >
              <div
                className="inline field"
              >
                <b>
                  Start date
                  :
                </b>
                 
                <span
                  onBlur={[Function]}
                  onClick={[Function]}
                  onFocus={[Function]}
                  onMouseEnter={[Function]}
                  onMouseLeave={[Function]}
                >
                  2000.06.06
                </span>
              </div>
            </form>
          </div>
          <div
            className="item"
            onClick={[Function]}
            role="listitem"
          >
            <form
              className="ui form"
              onSubmit={[Function]}
            >
              <div
                className="inline field"
              >
                <b>
                  End date
                  :
                </b>
                 
                <span
                  onBlur={[Function]}
                  onClick={[Function]}
                  onFocus={[Function]}
                  onMouseEnter={[Function]}
                  onMouseLeave={[Function]}
                >
                  2000.06.06
                </span>
              </div>
            </form>
          </div>
        </div>
      </div>
    </div>
  </a>
</div>
`;
